../Core/Src/main.c:98:5:main	24	static
../Core/Src/main.c:218:6:SystemClock_Config	88	static
../Core/Src/main.c:265:13:MX_FDCAN1_Init	8	static
../Core/Src/main.c:308:13:MX_SPI1_Init	8	static
../Core/Src/main.c:348:13:MX_USART2_UART_Init	8	static
../Core/Src/main.c:397:13:MX_WWDG_Init	8	static
../Core/Src/main.c:427:13:MX_GPIO_Init	32	static
../Core/Src/main.c:453:6:sendSPIMessage	16	static
../Core/Src/main.c:457:6:HAL_FDCAN_RxFifo0Callback	16	static
../Core/Src/main.c:463:5:__io_putchar	16	static
../Core/Src/main.c:475:6:Error_Handler	4	static,ignoring_inline_asm
