../Core/Src/main.c:102:5:main	24	static
../Core/Src/main.c:233:6:SystemClock_Config	88	static
../Core/Src/main.c:280:13:MX_FDCAN1_Init	8	static
../Core/Src/main.c:323:13:MX_SPI1_Init	8	static
../Core/Src/main.c:363:13:MX_USART2_UART_Init	8	static
../Core/Src/main.c:412:13:MX_WWDG_Init	8	static
../Core/Src/main.c:442:13:MX_GPIO_Init	32	static
../Core/Src/main.c:468:6:sendSPIMessage	16	static
../Core/Src/main.c:472:6:HAL_FDCAN_RxFifo0Callback	24	static
../Core/Src/main.c:488:5:__io_putchar	16	static
../Core/Src/main.c:500:6:Error_Handler	4	static,ignoring_inline_asm
